// Jest Snapshot v1, https://goo.gl/fbAQLP

exports[`Tests for <Dropdown /> should render and save the snapshot correctly default state 1`] = `
<DocumentFragment>
  <div
    class="sc-bczRLJ bGOKaH"
  >
    <div
      class="sc-gsnTZi kSpeQC current"
      data-testid="dropdown-value"
    >
      Test 1 
      <span
        class="chevron"
      />
    </div>
  </div>
</DocumentFragment>
`;

exports[`Tests for <Dropdown /> should render and save the snapshot correctly with some props 1`] = `
<DocumentFragment>
  <div
    class="sc-bczRLJ bGOKaH"
  >
    <div
      class="sc-gsnTZi kSpeQC current"
      data-testid="dropdown-value"
    >
      Test 1 
      <span
        class="chevron"
      />
    </div>
  </div>
</DocumentFragment>
`;
